// Jest Snapshot v1, https://goo.gl/fbAQLP

exports[`AppTitle 1`] = `
<h1
  className="text-2xl font-bold"
/>
`;
