// Jest Snapshot v1, https://goo.gl/fbAQLP

exports[`AppTitle 1`] = `
<a
  className="transition rounded text-white py-2 px-4 m-5 bg-blue-500 hover:bg-blue-600 focus:bg-blue-700"
  href="/"
  onClick={[Function]}
  onMouseEnter={[Function]}
>
  Home
</a>
`;
